// Jest Snapshot v1, https://goo.gl/fbAQLP

exports[`<BattleScene /> should match snapshot 1`] = `
<div
  className="grass-battle battle"
>
  <div
    className="test"
  />
</div>
`;
